127.0.0.1 - - [01/Aug/2023:09:27:29 +0900] "GET / HTTP/1.1" 404 807
0:0:0:0:0:0:0:1 - - [01/Aug/2023:09:27:43 +0900] "GET /pro13/include1.jsp HTTP/1.1" 404 814
0:0:0:0:0:0:0:1 - - [01/Aug/2023:09:27:43 +0900] "GET /favicon.ico HTTP/1.1" 404 818
127.0.0.1 - - [01/Aug/2023:09:28:07 +0900] "GET / HTTP/1.1" 404 807
0:0:0:0:0:0:0:1 - - [01/Aug/2023:09:28:12 +0900] "GET /pro13/include1.jsp HTTP/1.1" 404 814
0:0:0:0:0:0:0:1 - - [01/Aug/2023:09:28:15 +0900] "GET /pro13/include1.jsp HTTP/1.1" 404 814
0:0:0:0:0:0:0:1 - - [01/Aug/2023:09:28:50 +0900] "GET /pro13/webcontent/include1.jsp HTTP/1.1" 404 829
0:0:0:0:0:0:0:1 - - [01/Aug/2023:09:28:54 +0900] "GET /pro13/webcontent/include1.jsp HTTP/1.1" 404 829
0:0:0:0:0:0:0:1 - - [01/Aug/2023:09:29:06 +0900] "GET /pro13/webContent/include1.jsp HTTP/1.1" 404 829
0:0:0:0:0:0:0:1 - - [01/Aug/2023:09:29:22 +0900] "GET /pro13/include1.jsp HTTP/1.1" 404 814
127.0.0.1 - - [01/Aug/2023:09:30:38 +0900] "GET / HTTP/1.1" 404 807
0:0:0:0:0:0:0:1 - - [01/Aug/2023:09:30:43 +0900] "GET /pro13/include1.jsp HTTP/1.1" 200 504
0:0:0:0:0:0:0:1 - - [01/Aug/2023:09:30:43 +0900] "GET /pro13/image/null HTTP/1.1" 404 831
127.0.0.1 - - [01/Aug/2023:09:33:10 +0900] "GET / HTTP/1.1" 404 807
0:0:0:0:0:0:0:1 - - [01/Aug/2023:09:33:14 +0900] "GET /pro13/include1.jsp HTTP/1.1" 200 504
0:0:0:0:0:0:0:1 - - [01/Aug/2023:09:33:14 +0900] "GET /pro13/image/null HTTP/1.1" 404 831
0:0:0:0:0:0:0:1 - - [01/Aug/2023:09:33:15 +0900] "GET /pro13/include1.jsp HTTP/1.1" 200 504
0:0:0:0:0:0:0:1 - - [01/Aug/2023:09:33:15 +0900] "GET /pro13/image/null HTTP/1.1" 404 831
0:0:0:0:0:0:0:1 - - [01/Aug/2023:09:33:15 +0900] "GET /pro13/include1.jsp HTTP/1.1" 200 504
0:0:0:0:0:0:0:1 - - [01/Aug/2023:09:33:15 +0900] "GET /pro13/image/null HTTP/1.1" 404 831
0:0:0:0:0:0:0:1 - - [01/Aug/2023:09:34:09 +0900] "GET /pro13/include1.jsp HTTP/1.1" 200 504
0:0:0:0:0:0:0:1 - - [01/Aug/2023:09:34:09 +0900] "GET /pro13/image/null HTTP/1.1" 404 831
0:0:0:0:0:0:0:1 - - [01/Aug/2023:09:34:09 +0900] "GET /favicon.ico HTTP/1.1" 404 818
127.0.0.1 - - [01/Aug/2023:09:34:37 +0900] "GET / HTTP/1.1" 404 807
0:0:0:0:0:0:0:1 - - [01/Aug/2023:09:34:40 +0900] "GET /pro13/include1.jsp HTTP/1.1" 200 504
0:0:0:0:0:0:0:1 - - [01/Aug/2023:09:34:40 +0900] "GET /pro13/image/null HTTP/1.1" 404 831
0:0:0:0:0:0:0:1 - - [01/Aug/2023:09:34:41 +0900] "GET /pro13/include1.jsp HTTP/1.1" 200 504
0:0:0:0:0:0:0:1 - - [01/Aug/2023:09:34:41 +0900] "GET /pro13/image/null HTTP/1.1" 404 831
0:0:0:0:0:0:0:1 - - [01/Aug/2023:09:34:41 +0900] "GET /pro13/include1.jsp HTTP/1.1" 200 504
0:0:0:0:0:0:0:1 - - [01/Aug/2023:09:34:41 +0900] "GET /pro13/image/null HTTP/1.1" 404 831
0:0:0:0:0:0:0:1 - - [01/Aug/2023:09:34:41 +0900] "GET /pro13/include1.jsp HTTP/1.1" 200 504
0:0:0:0:0:0:0:1 - - [01/Aug/2023:09:34:41 +0900] "GET /pro13/image/null HTTP/1.1" 404 831
0:0:0:0:0:0:0:1 - - [01/Aug/2023:09:34:41 +0900] "GET /pro13/include1.jsp HTTP/1.1" 200 504
0:0:0:0:0:0:0:1 - - [01/Aug/2023:09:34:41 +0900] "GET /pro13/image/null HTTP/1.1" 404 831
0:0:0:0:0:0:0:1 - - [01/Aug/2023:09:34:41 +0900] "GET /pro13/include1.jsp HTTP/1.1" 200 504
0:0:0:0:0:0:0:1 - - [01/Aug/2023:09:34:41 +0900] "GET /pro13/image/null HTTP/1.1" 404 831
0:0:0:0:0:0:0:1 - - [01/Aug/2023:09:34:41 +0900] "GET /pro13/include1.jsp HTTP/1.1" 200 504
0:0:0:0:0:0:0:1 - - [01/Aug/2023:09:34:41 +0900] "GET /pro13/image/null HTTP/1.1" 404 831
127.0.0.1 - - [01/Aug/2023:09:36:15 +0900] "GET / HTTP/1.1" 404 807
0:0:0:0:0:0:0:1 - - [01/Aug/2023:09:36:18 +0900] "GET /pro13/include1.jsp HTTP/1.1" 200 508
0:0:0:0:0:0:0:1 - - [01/Aug/2023:09:36:18 +0900] "GET /pro13/image/duke.png HTTP/1.1" 200 4437
0:0:0:0:0:0:0:1 - - [01/Aug/2023:09:36:32 +0900] "GET /pro13/include2.jsp HTTP/1.1" 500 2828
127.0.0.1 - - [01/Aug/2023:09:37:07 +0900] "GET / HTTP/1.1" 404 807
0:0:0:0:0:0:0:1 - - [01/Aug/2023:09:37:09 +0900] "GET /pro13/include2.jsp HTTP/1.1" 500 2798
0:0:0:0:0:0:0:1 - - [01/Aug/2023:09:37:10 +0900] "GET /pro13/include2.jsp HTTP/1.1" 500 2928
0:0:0:0:0:0:0:1 - - [01/Aug/2023:09:37:10 +0900] "GET /pro13/include2.jsp HTTP/1.1" 500 2928
0:0:0:0:0:0:0:1 - - [01/Aug/2023:09:37:10 +0900] "GET /pro13/include2.jsp HTTP/1.1" 500 2928
0:0:0:0:0:0:0:1 - - [01/Aug/2023:09:37:10 +0900] "GET /pro13/include2.jsp HTTP/1.1" 500 2928
127.0.0.1 - - [01/Aug/2023:09:49:45 +0900] "GET / HTTP/1.1" 404 807
0:0:0:0:0:0:0:1 - - [01/Aug/2023:09:49:53 +0900] "GET /pro13/login.jsp HTTP/1.1" 200 509
0:0:0:0:0:0:0:1 - - [01/Aug/2023:09:49:58 +0900] "POST /pro13/result.jsp HTTP/1.1" 200 182
0:0:0:0:0:0:0:1 - - [01/Aug/2023:09:50:16 +0900] "GET /pro13/include2.jsp HTTP/1.1" 500 2798
127.0.0.1 - - [01/Aug/2023:09:51:53 +0900] "GET / HTTP/1.1" 404 807
0:0:0:0:0:0:0:1 - - [01/Aug/2023:09:51:57 +0900] "GET /pro13/include2.jsp HTTP/1.1" 200 434
0:0:0:0:0:0:0:1 - - [01/Aug/2023:09:51:57 +0900] "GET /pro13/image/duke2.png HTTP/1.1" 200 5103
0:0:0:0:0:0:0:1 - - [01/Aug/2023:09:52:09 +0900] "GET /pro13/login.jsp HTTP/1.1" 200 509
0:0:0:0:0:0:0:1 - - [01/Aug/2023:09:52:20 +0900] "POST /pro13/result.jsp HTTP/1.1" 200 182
127.0.0.1 - - [01/Aug/2023:09:57:28 +0900] "GET / HTTP/1.1" 404 807
0:0:0:0:0:0:0:1 - - [01/Aug/2023:10:01:10 +0900] "POST /pro13/result.jsp HTTP/1.1" 200 174
127.0.0.1 - - [01/Aug/2023:10:16:48 +0900] "GET / HTTP/1.1" 404 807
0:0:0:0:0:0:0:1 - - [01/Aug/2023:10:17:01 +0900] "GET /pro12/login2.jsp HTTP/1.1" 404 812
0:0:0:0:0:0:0:1 - - [01/Aug/2023:10:17:20 +0900] "GET /pro13/login2.jsp HTTP/1.1" 200 418
0:0:0:0:0:0:0:1 - - [01/Aug/2023:10:17:25 +0900] "POST /pro13/result2.jsp HTTP/1.1" 500 2636
0:0:0:0:0:0:0:1 - - [01/Aug/2023:10:19:18 +0900] "POST /pro13/result2.jsp HTTP/1.1" 500 2636
127.0.0.1 - - [01/Aug/2023:10:19:56 +0900] "GET / HTTP/1.1" 404 807
0:0:0:0:0:0:0:1 - - [01/Aug/2023:10:19:59 +0900] "POST /pro13/result2.jsp HTTP/1.1" 500 2636
0:0:0:0:0:0:0:1 - - [01/Aug/2023:10:20:07 +0900] "GET /pro13/login2.jsp HTTP/1.1" 200 418
0:0:0:0:0:0:0:1 - - [01/Aug/2023:10:20:11 +0900] "POST /pro13/result2.jsp HTTP/1.1" 500 2636
127.0.0.1 - - [01/Aug/2023:10:22:44 +0900] "GET / HTTP/1.1" 404 807
0:0:0:0:0:0:0:1 - - [01/Aug/2023:10:22:50 +0900] "GET /pro13/login2.jsp HTTP/1.1" 200 418
0:0:0:0:0:0:0:1 - - [01/Aug/2023:10:22:55 +0900] "POST /pro13/result2.jsp HTTP/1.1" 200 174
0:0:0:0:0:0:0:1 - - [01/Aug/2023:10:24:00 +0900] "POST /pro13/result2.jsp HTTP/1.1" 200 513
0:0:0:0:0:0:0:1 - - [01/Aug/2023:10:25:44 +0900] "POST /pro13/result2.jsp HTTP/1.1" 200 174
127.0.0.1 - - [01/Aug/2023:11:07:26 +0900] "GET / HTTP/1.1" 404 807
0:0:0:0:0:0:0:1 - - [01/Aug/2023:11:07:46 +0900] "GET /pro13/memberForm.html HTTP/1.1" 200 1451
0:0:0:0:0:0:0:1 - - [01/Aug/2023:11:07:46 +0900] "GET /favicon.ico HTTP/1.1" 404 818
0:0:0:0:0:0:0:1 - - [01/Aug/2023:11:08:06 +0900] "POST /pro13/member3 HTTP/1.1" 404 824
127.0.0.1 - - [01/Aug/2023:11:08:35 +0900] "GET / HTTP/1.1" 404 807
0:0:0:0:0:0:0:1 - - [01/Aug/2023:11:08:42 +0900] "POST /pro13/member3 HTTP/1.1" 404 824
0:0:0:0:0:0:0:1 - - [01/Aug/2023:11:09:07 +0900] "GET /pro13/login2.jsp HTTP/1.1" 200 418
0:0:0:0:0:0:0:1 - - [01/Aug/2023:11:09:11 +0900] "GET /favicon.ico HTTP/1.1" 404 818
0:0:0:0:0:0:0:1 - - [01/Aug/2023:11:09:26 +0900] "POST /pro13/member3 HTTP/1.1" 404 824
127.0.0.1 - - [01/Aug/2023:11:10:05 +0900] "GET / HTTP/1.1" 404 807
0:0:0:0:0:0:0:1 - - [01/Aug/2023:11:10:11 +0900] "GET /pro13/memberForm.html HTTP/1.1" 200 1451
0:0:0:0:0:0:0:1 - - [01/Aug/2023:11:10:28 +0900] "POST /pro13/member2 HTTP/1.1" 404 824
127.0.0.1 - - [01/Aug/2023:11:13:04 +0900] "GET / HTTP/1.1" 404 807
0:0:0:0:0:0:0:1 - - [01/Aug/2023:11:13:09 +0900] "GET /pro13/memberForm.html HTTP/1.1" 200 1470
0:0:0:0:0:0:0:1 - - [01/Aug/2023:11:13:23 +0900] "POST /pro13/member2 HTTP/1.1" 404 824
127.0.0.1 - - [01/Aug/2023:11:17:20 +0900] "GET / HTTP/1.1" 404 807
0:0:0:0:0:0:0:1 - - [01/Aug/2023:11:17:32 +0900] "POST /pro13/member2 HTTP/1.1" 404 824
0:0:0:0:0:0:0:1 - - [01/Aug/2023:11:18:14 +0900] "GET /pro13/memberForm.html HTTP/1.1" 200 1474
0:0:0:0:0:0:0:1 - - [01/Aug/2023:11:18:29 +0900] "POST /pro13/member2.jsp HTTP/1.1" 200 1118
127.0.0.1 - - [01/Aug/2023:11:38:11 +0900] "GET / HTTP/1.1" 404 807
0:0:0:0:0:0:0:1 - - [01/Aug/2023:11:38:17 +0900] "GET /pro13/memberForm.html HTTP/1.1" 200 1474
0:0:0:0:0:0:0:1 - - [01/Aug/2023:11:38:28 +0900] "POST /pro13/member3.jsp HTTP/1.1" 500 2400
127.0.0.1 - - [01/Aug/2023:11:39:31 +0900] "GET / HTTP/1.1" 404 807
0:0:0:0:0:0:0:1 - - [01/Aug/2023:11:39:34 +0900] "POST /pro13/member3.jsp HTTP/1.1" 500 2400
0:0:0:0:0:0:0:1 - - [01/Aug/2023:11:39:38 +0900] "POST /pro13/member3.jsp HTTP/1.1" 500 2924
0:0:0:0:0:0:0:1 - - [01/Aug/2023:11:39:42 +0900] "GET /pro13/memberForm.html HTTP/1.1" 304 -
127.0.0.1 - - [01/Aug/2023:11:39:52 +0900] "GET / HTTP/1.1" 404 807
0:0:0:0:0:0:0:1 - - [01/Aug/2023:11:40:01 +0900] "GET /pro13/memberForm.html HTTP/1.1" 304 -
0:0:0:0:0:0:0:1 - - [01/Aug/2023:11:40:01 +0900] "GET /favicon.ico HTTP/1.1" 404 818
0:0:0:0:0:0:0:1 - - [01/Aug/2023:11:40:12 +0900] "POST /pro13/member3.jsp HTTP/1.1" 500 2400
127.0.0.1 - - [01/Aug/2023:11:41:41 +0900] "GET / HTTP/1.1" 404 807
0:0:0:0:0:0:0:1 - - [01/Aug/2023:11:41:45 +0900] "POST /pro13/member3.jsp HTTP/1.1" 500 2400
127.0.0.1 - - [01/Aug/2023:11:43:47 +0900] "GET / HTTP/1.1" 404 807
0:0:0:0:0:0:0:1 - - [01/Aug/2023:11:43:52 +0900] "POST /pro13/member3.jsp HTTP/1.1" 200 660
