127.0.0.1 - - [24/Jul/2023:08:52:16 +0900] "GET / HTTP/1.1" 404 807
0:0:0:0:0:0:0:1 - - [24/Jul/2023:08:52:30 +0900] "GET /pro08/first HTTP/1.1" 404 822
0:0:0:0:0:0:0:1 - - [24/Jul/2023:08:52:34 +0900] "GET /pro08/member HTTP/1.1" 404 823
0:0:0:0:0:0:0:1 - - [24/Jul/2023:08:52:34 +0900] "GET /favicon.ico HTTP/1.1" 404 818
127.0.0.1 - - [24/Jul/2023:08:53:34 +0900] "GET / HTTP/1.1" 404 807
0:0:0:0:0:0:0:1 - - [24/Jul/2023:08:53:37 +0900] "GET /pro08/member HTTP/1.1" 500 178
0:0:0:0:0:0:0:1 - - [24/Jul/2023:08:54:58 +0900] "GET /pro08/viewMembers HTTP/1.1" 500 178
127.0.0.1 - - [24/Jul/2023:08:56:34 +0900] "GET / HTTP/1.1" 404 807
127.0.0.1 - - [24/Jul/2023:08:57:02 +0900] "GET / HTTP/1.1" 404 807
0:0:0:0:0:0:0:1 - - [24/Jul/2023:08:57:14 +0900] "GET /pro08/member HTTP/1.1" 500 178
0:0:0:0:0:0:0:1 - - [24/Jul/2023:09:26:06 +0900] "GET /pro08/cset HTTP/1.1" 404 821
127.0.0.1 - - [24/Jul/2023:09:26:18 +0900] "GET / HTTP/1.1" 404 807
0:0:0:0:0:0:0:1 - - [24/Jul/2023:09:26:20 +0900] "GET /pro08/cset HTTP/1.1" 405 825
127.0.0.1 - - [24/Jul/2023:09:27:38 +0900] "GET / HTTP/1.1" 404 807
0:0:0:0:0:0:0:1 - - [24/Jul/2023:09:27:41 +0900] "GET /pro08/cset HTTP/1.1" 200 48
0:0:0:0:0:0:0:1 - - [24/Jul/2023:09:28:27 +0900] "GET /pro08/cget HTTP/1.1" 200 44
0:0:0:0:0:0:0:1 - - [24/Jul/2023:09:28:28 +0900] "GET /favicon.ico HTTP/1.1" 404 818
0:0:0:0:0:0:0:1 - - [24/Jul/2023:09:29:55 +0900] "GET /pro08/cget HTTP/1.1" 200 44
0:0:0:0:0:0:0:1 - - [24/Jul/2023:09:32:35 +0900] "GET /pro08/first HTTP/1.1" 404 822
0:0:0:0:0:0:0:1 - - [24/Jul/2023:09:32:38 +0900] "GET /pro08/cget HTTP/1.1" 200 44
0:0:0:0:0:0:0:1 - - [24/Jul/2023:09:32:38 +0900] "GET /favicon.ico HTTP/1.1" 404 818
127.0.0.1 - - [24/Jul/2023:09:52:29 +0900] "GET / HTTP/1.1" 404 807
0:0:0:0:0:0:0:1 - - [24/Jul/2023:09:52:50 +0900] "GET /pro08/initMenu HTTP/1.1" 404 825
127.0.0.1 - - [24/Jul/2023:09:54:07 +0900] "GET / HTTP/1.1" 404 807
0:0:0:0:0:0:0:1 - - [24/Jul/2023:09:54:09 +0900] "GET /pro08/initMenu HTTP/1.1" 200 289
127.0.0.1 - - [24/Jul/2023:10:24:31 +0900] "GET / HTTP/1.1" 404 807
0:0:0:0:0:0:0:1 - - [24/Jul/2023:10:24:57 +0900] "GET /pro08/cfile HTTP/1.1" 200 268
127.0.0.1 - - [24/Jul/2023:10:25:44 +0900] "GET / HTTP/1.1" 404 807
0:0:0:0:0:0:0:1 - - [24/Jul/2023:10:25:47 +0900] "GET /pro08/cfile HTTP/1.1" 200 153
127.0.0.1 - - [24/Jul/2023:10:26:43 +0900] "GET / HTTP/1.1" 404 807
0:0:0:0:0:0:0:1 - - [24/Jul/2023:10:26:46 +0900] "GET /pro08/cfile HTTP/1.1" 200 268
127.0.0.1 - - [24/Jul/2023:10:27:32 +0900] "GET / HTTP/1.1" 404 807
0:0:0:0:0:0:0:1 - - [24/Jul/2023:10:27:43 +0900] "GET /pro08/cfile HTTP/1.1" 200 153
127.0.0.1 - - [24/Jul/2023:10:31:12 +0900] "GET / HTTP/1.1" 404 807
0:0:0:0:0:0:0:1 - - [24/Jul/2023:10:31:15 +0900] "GET /pro08/cfile HTTP/1.1" 200 153
0:0:0:0:0:0:0:1 - - [24/Jul/2023:10:31:17 +0900] "GET /pro08/cfile HTTP/1.1" 200 153
0:0:0:0:0:0:0:1 - - [24/Jul/2023:10:31:17 +0900] "GET /pro08/cfile HTTP/1.1" 200 153
0:0:0:0:0:0:0:1 - - [24/Jul/2023:10:31:17 +0900] "GET /pro08/cfile HTTP/1.1" 200 153
0:0:0:0:0:0:0:1 - - [24/Jul/2023:10:31:17 +0900] "GET /pro08/cfile HTTP/1.1" 200 153
0:0:0:0:0:0:0:1 - - [24/Jul/2023:10:31:17 +0900] "GET /pro08/cfile HTTP/1.1" 200 153
0:0:0:0:0:0:0:1 - - [24/Jul/2023:10:31:17 +0900] "GET /pro08/cfile HTTP/1.1" 200 153
127.0.0.1 - - [24/Jul/2023:10:32:08 +0900] "GET / HTTP/1.1" 404 807
0:0:0:0:0:0:0:1 - - [24/Jul/2023:10:32:13 +0900] "GET /pro08/cfile HTTP/1.1" 200 268
0:0:0:0:0:0:0:1 - - [24/Jul/2023:10:33:48 +0900] "GET /pro08/cfile HTTP/1.1" 200 268
0:0:0:0:0:0:0:1 - - [24/Jul/2023:10:34:00 +0900] "GET /pro08/cfile HTTP/1.1" 200 268
0:0:0:0:0:0:0:1 - - [24/Jul/2023:10:34:07 +0900] "GET /pro08/cfile HTTP/1.1" 200 268
0:0:0:0:0:0:0:1 - - [24/Jul/2023:10:34:14 +0900] "GET /pro08/cfile HTTP/1.1" 200 268
127.0.0.1 - - [24/Jul/2023:10:45:13 +0900] "GET / HTTP/1.1" 404 807
0:0:0:0:0:0:0:1 - - [24/Jul/2023:10:45:30 +0900] "GET /pro08/sinit HTTP/1.1" 200 142
0:0:0:0:0:0:0:1 - - [24/Jul/2023:10:45:35 +0900] "GET /pro08/sinit2 HTTP/1.1" 200 142
0:0:0:0:0:0:0:1 - - [24/Jul/2023:10:45:40 +0900] "GET /pro08/sinit HTTP/1.1" 200 142
0:0:0:0:0:0:0:1 - - [24/Jul/2023:10:45:42 +0900] "GET /pro08/sinit HTTP/1.1" 200 142
127.0.0.1 - - [24/Jul/2023:11:44:32 +0900] "GET / HTTP/1.1" 404 807
0:0:0:0:0:0:0:1 - - [24/Jul/2023:11:44:55 +0900] "GET /pro08/loadConfig HTTP/1.1" 200 286
127.0.0.1 - - [24/Jul/2023:22:25:45 +0900] "GET / HTTP/1.1" 404 807
0:0:0:0:0:0:0:1 - - [24/Jul/2023:22:26:53 +0900] "GET /pro08_test/loadConfig HTTP/1.1" 404 832
0:0:0:0:0:0:0:1 - - [24/Jul/2023:22:26:53 +0900] "GET /favicon.ico HTTP/1.1" 404 818
127.0.0.1 - - [24/Jul/2023:22:27:13 +0900] "GET / HTTP/1.1" 404 807
0:0:0:0:0:0:0:1 - - [24/Jul/2023:22:27:16 +0900] "GET /pro08_test/loadConfig HTTP/1.1" 404 832
0:0:0:0:0:0:0:1 - - [24/Jul/2023:22:27:49 +0900] "GET /pro08_test/loadConfig HTTP/1.1" 404 832
0:0:0:0:0:0:0:1 - - [24/Jul/2023:22:28:35 +0900] "GET /pro08_test/loadConfig HTTP/1.1" 404 832
127.0.0.1 - - [24/Jul/2023:22:30:33 +0900] "GET / HTTP/1.1" 404 807
0:0:0:0:0:0:0:1 - - [24/Jul/2023:22:30:37 +0900] "GET /pro08_test/loadConfig HTTP/1.1" 404 832
0:0:0:0:0:0:0:1 - - [24/Jul/2023:22:30:37 +0900] "GET /pro08_test/loadConfig HTTP/1.1" 404 832
0:0:0:0:0:0:0:1 - - [24/Jul/2023:22:30:38 +0900] "GET /pro08_test/loadConfig HTTP/1.1" 404 832
0:0:0:0:0:0:0:1 - - [24/Jul/2023:22:30:38 +0900] "GET /pro08_test/loadConfig HTTP/1.1" 404 832
0:0:0:0:0:0:0:1 - - [24/Jul/2023:22:30:38 +0900] "GET /pro08_test/loadConfig HTTP/1.1" 404 832
127.0.0.1 - - [24/Jul/2023:22:31:09 +0900] "GET / HTTP/1.1" 404 807
127.0.0.1 - - [24/Jul/2023:22:32:02 +0900] "GET / HTTP/1.1" 404 807
0:0:0:0:0:0:0:1 - - [24/Jul/2023:22:32:06 +0900] "GET /pro08_test/loadConfig HTTP/1.1" 404 832
0:0:0:0:0:0:0:1 - - [24/Jul/2023:22:32:06 +0900] "GET /pro08_test/loadConfig HTTP/1.1" 404 832
0:0:0:0:0:0:0:1 - - [24/Jul/2023:22:32:06 +0900] "GET /pro08_test/loadConfig HTTP/1.1" 404 832
0:0:0:0:0:0:0:1 - - [24/Jul/2023:22:32:07 +0900] "GET /pro08_test/loadConfig HTTP/1.1" 404 832
0:0:0:0:0:0:0:1 - - [24/Jul/2023:22:32:07 +0900] "GET /pro08_test/loadConfig HTTP/1.1" 404 832
0:0:0:0:0:0:0:1 - - [24/Jul/2023:22:32:07 +0900] "GET /pro08_test/loadConfig HTTP/1.1" 404 832
0:0:0:0:0:0:0:1 - - [24/Jul/2023:22:32:07 +0900] "GET /pro08_test/loadConfig HTTP/1.1" 404 832
0:0:0:0:0:0:0:1 - - [24/Jul/2023:22:32:07 +0900] "GET /pro08_test/loadConfig HTTP/1.1" 404 832
0:0:0:0:0:0:0:1 - - [24/Jul/2023:22:32:08 +0900] "GET /pro08_test/loadConfig HTTP/1.1" 404 832
0:0:0:0:0:0:0:1 - - [24/Jul/2023:22:32:08 +0900] "GET /pro08_test/loadConfig HTTP/1.1" 404 832
0:0:0:0:0:0:0:1 - - [24/Jul/2023:22:32:08 +0900] "GET /pro08_test/loadConfig HTTP/1.1" 404 832
0:0:0:0:0:0:0:1 - - [24/Jul/2023:22:32:08 +0900] "GET /pro08_test/loadConfig HTTP/1.1" 404 832
0:0:0:0:0:0:0:1 - - [24/Jul/2023:22:32:09 +0900] "GET /pro08_test/loadConfig HTTP/1.1" 404 832
0:0:0:0:0:0:0:1 - - [24/Jul/2023:22:32:09 +0900] "GET /pro08_test/loadConfig HTTP/1.1" 404 832
0:0:0:0:0:0:0:1 - - [24/Jul/2023:22:32:20 +0900] "GET /pro08/loadConfig HTTP/1.1" 200 288
127.0.0.1 - - [24/Jul/2023:22:33:36 +0900] "GET / HTTP/1.1" 404 807
0:0:0:0:0:0:0:1 - - [24/Jul/2023:22:33:50 +0900] "GET /pro08/member HTTP/1.1" 200 749
0:0:0:0:0:0:0:1 - - [24/Jul/2023:22:33:50 +0900] "GET /favicon.ico HTTP/1.1" 404 818
0:0:0:0:0:0:0:1 - - [24/Jul/2023:22:34:23 +0900] "GET /pro08/viewMemvers HTTP/1.1" 404 828
0:0:0:0:0:0:0:1 - - [24/Jul/2023:22:34:30 +0900] "GET /pro08/viewMemvbers HTTP/1.1" 404 829
0:0:0:0:0:0:0:1 - - [24/Jul/2023:22:34:35 +0900] "GET /pro08/viewMembers HTTP/1.1" 500 179
0:0:0:0:0:0:0:1 - - [24/Jul/2023:22:35:41 +0900] "GET /pro08/viewMembers HTTP/1.1" 500 179
0:0:0:0:0:0:0:1 - - [24/Jul/2023:22:35:42 +0900] "GET /pro08/viewMembers HTTP/1.1" 500 179
0:0:0:0:0:0:0:1 - - [24/Jul/2023:22:35:42 +0900] "GET /pro08/viewMembers HTTP/1.1" 500 179
0:0:0:0:0:0:0:1 - - [24/Jul/2023:22:35:42 +0900] "GET /pro08/viewMembers HTTP/1.1" 500 179
0:0:0:0:0:0:0:1 - - [24/Jul/2023:22:36:05 +0900] "GET /pro08/member HTTP/1.1" 200 749
0:0:0:0:0:0:0:1 - - [24/Jul/2023:22:38:08 +0900] "GET /pro08/member3?command=delMember&id=hong HTTP/1.1" 404 824
0:0:0:0:0:0:0:1 - - [24/Jul/2023:22:38:28 +0900] "GET /pro08/memberForm.html HTTP/1.1" 404 832
0:0:0:0:0:0:0:1 - - [24/Jul/2023:22:38:31 +0900] "GET /pro08/memberForm.html HTTP/1.1" 404 832
0:0:0:0:0:0:0:1 - - [24/Jul/2023:22:39:00 +0900] "GET /pro08/viewMembers HTTP/1.1" 500 179
0:0:0:0:0:0:0:1 - - [24/Jul/2023:22:39:28 +0900] "GET /pro08_test/viewMembers HTTP/1.1" 404 833
0:0:0:0:0:0:0:1 - - [24/Jul/2023:22:39:35 +0900] "GET /pro08_test/member HTTP/1.1" 404 828
0:0:0:0:0:0:0:1 - - [24/Jul/2023:22:40:32 +0900] "GET /pro08/member HTTP/1.1" 404 823
127.0.0.1 - - [24/Jul/2023:22:40:42 +0900] "GET / HTTP/1.1" 404 807
0:0:0:0:0:0:0:1 - - [24/Jul/2023:22:40:45 +0900] "GET /pro08/member HTTP/1.1" 500 178
0:0:0:0:0:0:0:1 - - [24/Jul/2023:22:40:57 +0900] "GET /pro08/viewMembers HTTP/1.1" 500 178
0:0:0:0:0:0:0:1 - - [24/Jul/2023:22:41:00 +0900] "GET /pro08/viewMembers HTTP/1.1" 500 178
127.0.0.1 - - [24/Jul/2023:22:43:19 +0900] "GET / HTTP/1.1" 404 807
0:0:0:0:0:0:0:1 - - [24/Jul/2023:22:43:24 +0900] "GET /pro08/viewMembers HTTP/1.1" 500 179
0:0:0:0:0:0:0:1 - - [24/Jul/2023:22:43:29 +0900] "GET /pro08/member HTTP/1.1" 200 749
127.0.0.1 - - [24/Jul/2023:22:47:55 +0900] "GET / HTTP/1.1" 404 807
0:0:0:0:0:0:0:1 - - [24/Jul/2023:22:47:57 +0900] "GET /pro08/member HTTP/1.1" 200 749
0:0:0:0:0:0:0:1 - - [24/Jul/2023:22:47:59 +0900] "GET /pro08/member HTTP/1.1" 200 749
0:0:0:0:0:0:0:1 - - [24/Jul/2023:22:48:01 +0900] "GET /pro08/member3?command=delMember&id=hong HTTP/1.1" 404 824
0:0:0:0:0:0:0:1 - - [24/Jul/2023:22:48:04 +0900] "GET /pro08/memberForm.html HTTP/1.1" 404 832
0:0:0:0:0:0:0:1 - - [24/Jul/2023:22:48:32 +0900] "GET /pro08/viewMembers HTTP/1.1" 500 179
0:0:0:0:0:0:0:1 - - [24/Jul/2023:22:50:49 +0900] "GET /pro08/viewMembers HTTP/1.1" 500 179
0:0:0:0:0:0:0:1 - - [24/Jul/2023:22:51:25 +0900] "GET /pro08/member HTTP/1.1" 200 749
127.0.0.1 - - [24/Jul/2023:23:01:17 +0900] "GET / HTTP/1.1" 404 807
0:0:0:0:0:0:0:1 - - [24/Jul/2023:23:01:25 +0900] "GET /pro08/member HTTP/1.1" 404 823
0:0:0:0:0:0:0:1 - - [24/Jul/2023:23:01:31 +0900] "GET /pro06/login HTTP/1.1" 200 -
0:0:0:0:0:0:0:1 - - [24/Jul/2023:23:01:31 +0900] "GET /favicon.ico HTTP/1.1" 404 818
0:0:0:0:0:0:0:1 - - [24/Jul/2023:23:01:52 +0900] "GET /pro06/input HTTP/1.1" 500 1129
127.0.0.1 - - [24/Jul/2023:23:04:21 +0900] "GET / HTTP/1.1" 404 807
0:0:0:0:0:0:0:1 - - [24/Jul/2023:23:04:25 +0900] "GET /pro06/login2 HTTP/1.1" 200 65
0:0:0:0:0:0:0:1 - - [24/Jul/2023:23:04:33 +0900] "GET /pro06/login HTTP/1.1" 200 -
0:0:0:0:0:0:0:1 - - [24/Jul/2023:23:04:43 +0900] "GET /pro06/calc HTTP/1.1" 200 523
0:0:0:0:0:0:0:1 - - [24/Jul/2023:23:05:05 +0900] "GET /pro06/login3 HTTP/1.1" 405 825
0:0:0:0:0:0:0:1 - - [24/Jul/2023:23:05:15 +0900] "GET /pro06/login3 HTTP/1.1" 405 825
0:0:0:0:0:0:0:1 - - [24/Jul/2023:23:05:18 +0900] "GET /pro06/login3 HTTP/1.1" 405 825
0:0:0:0:0:0:0:1 - - [24/Jul/2023:23:05:43 +0900] "GET /pro06/login3 HTTP/1.1" 405 825
0:0:0:0:0:0:0:1 - - [24/Jul/2023:23:05:52 +0900] "GET /pro06/login3 HTTP/1.1" 405 825
0:0:0:0:0:0:0:1 - - [24/Jul/2023:23:06:21 +0900] "GET /pro06/login4 HTTP/1.1" 200 -
0:0:0:0:0:0:0:1 - - [24/Jul/2023:23:06:48 +0900] "GET /pro06/login5 HTTP/1.1" 405 825
0:0:0:0:0:0:0:1 - - [24/Jul/2023:23:08:46 +0900] "GET /pro06/guguTest HTTP/1.1" 500 1278
0:0:0:0:0:0:0:1 - - [24/Jul/2023:23:09:24 +0900] "GET /pro06/loginTest HTTP/1.1" 405 825
127.0.0.1 - - [24/Jul/2023:23:09:49 +0900] "GET / HTTP/1.1" 404 807
0:0:0:0:0:0:0:1 - - [24/Jul/2023:23:09:52 +0900] "GET /pro06/loginTest HTTP/1.1" 200 148
0:0:0:0:0:0:0:1 - - [24/Jul/2023:23:10:58 +0900] "GET /pro06/login3 HTTP/1.1" 200 -
127.0.0.1 - - [24/Jul/2023:23:12:34 +0900] "GET / HTTP/1.1" 404 807
0:0:0:0:0:0:0:1 - - [24/Jul/2023:23:13:01 +0900] "GET /pro08/viewMembers HTTP/1.1" 500 179
0:0:0:0:0:0:0:1 - - [24/Jul/2023:23:13:20 +0900] "GET /pro08/member HTTP/1.1" 200 749
127.0.0.1 - - [24/Jul/2023:23:13:37 +0900] "GET / HTTP/1.1" 404 807
0:0:0:0:0:0:0:1 - - [24/Jul/2023:23:14:09 +0900] "GET /pro08/member HTTP/1.1" 404 823
127.0.0.1 - - [24/Jul/2023:23:14:17 +0900] "GET / HTTP/1.1" 404 807
0:0:0:0:0:0:0:1 - - [24/Jul/2023:23:14:19 +0900] "GET /pro08/member HTTP/1.1" 500 178
0:0:0:0:0:0:0:1 - - [24/Jul/2023:23:14:39 +0900] "GET /pro08/viewMembers HTTP/1.1" 500 178
127.0.0.1 - - [24/Jul/2023:23:17:16 +0900] "GET / HTTP/1.1" 404 807
0:0:0:0:0:0:0:1 - - [24/Jul/2023:23:17:20 +0900] "GET /pro08/viewMembers HTTP/1.1" 500 178
0:0:0:0:0:0:0:1 - - [24/Jul/2023:23:17:25 +0900] "GET /pro08/member HTTP/1.1" 200 745
