127.0.0.1 - - [10/Jul/2023:09:13:39 +0900] "GET / HTTP/1.1" 404 807
127.0.0.1 - - [10/Jul/2023:09:53:28 +0900] "GET / HTTP/1.1" 404 807
127.0.0.1 - - [10/Jul/2023:09:54:28 +0900] "GET / HTTP/1.1" 404 807
127.0.0.1 - - [10/Jul/2023:09:54:34 +0900] "GET / HTTP/1.1" 404 807
127.0.0.1 - - [10/Jul/2023:09:54:38 +0900] "GET / HTTP/1.1" 404 807
127.0.0.1 - - [10/Jul/2023:09:55:37 +0900] "GET / HTTP/1.1" 404 807
127.0.0.1 - - [10/Jul/2023:09:56:43 +0900] "GET / HTTP/1.1" 404 807
0:0:0:0:0:0:0:1 - - [10/Jul/2023:09:56:44 +0900] "GET /pro03/WEB-INF/web.xml HTTP/1.1" 404 721
0:0:0:0:0:0:0:1 - - [10/Jul/2023:09:57:04 +0900] "GET /pro03/WEB-INF/web.xml HTTP/1.1" 404 721
127.0.0.1 - - [10/Jul/2023:09:57:38 +0900] "GET / HTTP/1.1" 404 807
127.0.0.1 - - [10/Jul/2023:09:57:45 +0900] "GET / HTTP/1.1" 404 807
127.0.0.1 - - [10/Jul/2023:09:57:49 +0900] "GET / HTTP/1.1" 404 807
0:0:0:0:0:0:0:1 - - [10/Jul/2023:09:57:53 +0900] "GET /pro03/first HTTP/1.1" 500 3564
0:0:0:0:0:0:0:1 - - [10/Jul/2023:09:57:53 +0900] "GET /favicon.ico HTTP/1.1" 404 818
127.0.0.1 - - [10/Jul/2023:09:59:36 +0900] "GET / HTTP/1.1" 404 807
0:0:0:0:0:0:0:1 - - [10/Jul/2023:09:59:38 +0900] "GET /pro03/first HTTP/1.1" 200 -
0:0:0:0:0:0:0:1 - - [10/Jul/2023:10:27:06 +0900] "GET /pro03/first HTTP/1.1" 200 -
0:0:0:0:0:0:0:1 - - [10/Jul/2023:10:28:36 +0900] "GET /pro03/first HTTP/1.1" 200 -
0:0:0:0:0:0:0:1 - - [10/Jul/2023:10:29:02 +0900] "GET /pro03/first HTTP/1.1" 200 -
0:0:0:0:0:0:0:1 - - [10/Jul/2023:10:29:07 +0900] "GET /pro03/first HTTP/1.1" 200 -
0:0:0:0:0:0:0:1 - - [10/Jul/2023:10:30:11 +0900] "GET /pro03/first HTTP/1.1" 200 -
0:0:0:0:0:0:0:1 - - [10/Jul/2023:10:30:16 +0900] "GET /pro03/first HTTP/1.1" 200 -
0:0:0:0:0:0:0:1 - - [10/Jul/2023:10:31:34 +0900] "GET /pro03/first HTTP/1.1" 200 -
0:0:0:0:0:0:0:1 - - [10/Jul/2023:10:31:44 +0900] "GET /pro03/first HTTP/1.1" 200 -
0:0:0:0:0:0:0:1 - - [10/Jul/2023:10:32:03 +0900] "GET /pro03/first HTTP/1.1" 200 -
127.0.0.1 - - [10/Jul/2023:10:32:15 +0900] "GET / HTTP/1.1" 404 807
0:0:0:0:0:0:0:1 - - [10/Jul/2023:10:32:26 +0900] "GET /pro03/first HTTP/1.1" 200 -
0:0:0:0:0:0:0:1 - - [10/Jul/2023:10:33:20 +0900] "GET /pro03/first HTTP/1.1" 200 -
127.0.0.1 - - [10/Jul/2023:10:40:45 +0900] "GET / HTTP/1.1" 404 807
127.0.0.1 - - [10/Jul/2023:10:42:01 +0900] "GET / HTTP/1.1" 404 807
0:0:0:0:0:0:0:1 - - [10/Jul/2023:10:42:09 +0900] "GET /pro03/first HTTP/1.1" 200 -
0:0:0:0:0:0:0:1 - - [10/Jul/2023:10:42:15 +0900] "GET /pro03/second HTTP/1.1" 200 -
0:0:0:0:0:0:0:1 - - [10/Jul/2023:10:43:29 +0900] "GET /pro03/second HTTP/1.1" 200 -
127.0.0.1 - - [10/Jul/2023:11:06:01 +0900] "GET / HTTP/1.1" 404 807
0:0:0:0:0:0:0:1 - - [10/Jul/2023:11:06:10 +0900] "GET /pro03/third HTTP/1.1" 200 17
0:0:0:0:0:0:0:1 - - [10/Jul/2023:11:06:22 +0900] "GET /pro03/third HTTP/1.1" 200 17
127.0.0.1 - - [10/Jul/2023:11:06:42 +0900] "GET / HTTP/1.1" 404 807
0:0:0:0:0:0:0:1 - - [10/Jul/2023:11:06:42 +0900] "GET /pro03/third HTTP/1.1" 200 -
0:0:0:0:0:0:0:1 - - [10/Jul/2023:11:07:17 +0900] "GET /pro03/third HTTP/1.1" 200 -
127.0.0.1 - - [10/Jul/2023:11:18:05 +0900] "GET / HTTP/1.1" 404 807
0:0:0:0:0:0:0:1 - - [10/Jul/2023:11:18:17 +0900] "GET /pro03/login.html HTTP/1.1" 404 827
127.0.0.1 - - [10/Jul/2023:11:18:35 +0900] "GET / HTTP/1.1" 404 807
0:0:0:0:0:0:0:1 - - [10/Jul/2023:11:18:36 +0900] "GET /pro03/login.html HTTP/1.1" 404 827
0:0:0:0:0:0:0:1 - - [10/Jul/2023:11:18:41 +0900] "GET /pro04/login.html HTTP/1.1" 404 827
0:0:0:0:0:0:0:1 - - [10/Jul/2023:11:20:23 +0900] "GET /pro04/Login.html HTTP/1.1" 404 827
0:0:0:0:0:0:0:1 - - [10/Jul/2023:11:20:32 +0900] "GET /pro04/login.html HTTP/1.1" 404 827
0:0:0:0:0:0:0:1 - - [10/Jul/2023:11:24:33 +0900] "GET /pro04/login.html HTTP/1.1" 404 827
0:0:0:0:0:0:0:1 - - [10/Jul/2023:11:25:04 +0900] "GET /pro04/WebContent/WEB-INF/login.html HTTP/1.1" 404 854
0:0:0:0:0:0:0:1 - - [10/Jul/2023:11:25:10 +0900] "GET /pro04/WebContent/WEB-INF/login.html HTTP/1.1" 404 854
127.0.0.1 - - [10/Jul/2023:11:31:16 +0900] "GET / HTTP/1.1" 404 807
0:0:0:0:0:0:0:1 - - [10/Jul/2023:11:31:35 +0900] "GET /pro04/login HTTP/1.1" 200 -
0:0:0:0:0:0:0:1 - - [10/Jul/2023:11:32:27 +0900] "GET /pro04/login.html HTTP/1.1" 404 827
0:0:0:0:0:0:0:1 - - [10/Jul/2023:11:33:15 +0900] "GET /pro04/login.html HTTP/1.1" 404 827
127.0.0.1 - - [10/Jul/2023:11:33:40 +0900] "GET / HTTP/1.1" 404 807
0:0:0:0:0:0:0:1 - - [10/Jul/2023:11:33:46 +0900] "GET /pro04/login.html HTTP/1.1" 404 827
0:0:0:0:0:0:0:1 - - [10/Jul/2023:11:33:55 +0900] "GET /pro04/login.html HTTP/1.1" 404 827
127.0.0.1 - - [10/Jul/2023:11:34:38 +0900] "GET / HTTP/1.1" 404 807
0:0:0:0:0:0:0:1 - - [10/Jul/2023:11:34:42 +0900] "GET /pro04/login.html HTTP/1.1" 200 509
0:0:0:0:0:0:0:1 - - [10/Jul/2023:11:34:50 +0900] "GET /pro04/login?user_id=garlic8&user_pw=11111 HTTP/1.1" 200 -
127.0.0.1 - - [10/Jul/2023:11:38:31 +0900] "GET / HTTP/1.1" 404 807
0:0:0:0:0:0:0:1 - - [10/Jul/2023:11:38:45 +0900] "GET /pro04/login?user_id=h980319&user_pw=gg1124610 HTTP/1.1" 200 -
127.0.0.1 - - [10/Jul/2023:11:41:41 +0900] "GET / HTTP/1.1" 404 807
0:0:0:0:0:0:0:1 - - [10/Jul/2023:11:42:27 +0900] "GET /pro04/login.html HTTP/1.1" 200 671
0:0:0:0:0:0:0:1 - - [10/Jul/2023:11:42:37 +0900] "GET /pro04/login.html HTTP/1.1" 200 672
0:0:0:0:0:0:0:1 - - [10/Jul/2023:11:42:47 +0900] "GET /pro04/login?user_id=garlic8&user_pw=gg1124610&user_age%22=26 HTTP/1.1" 200 -
0:0:0:0:0:0:0:1 - - [10/Jul/2023:11:43:14 +0900] "GET /pro04/login?user_id=garlic8&user_pw=gg1124610&user_age%22=26 HTTP/1.1" 200 -
0:0:0:0:0:0:0:1 - - [10/Jul/2023:11:43:45 +0900] "GET /pro04/login?user_id=garlic8&user_pw=gg1124610&user_age%22=26 HTTP/1.1" 200 -
127.0.0.1 - - [10/Jul/2023:11:44:18 +0900] "GET / HTTP/1.1" 404 807
0:0:0:0:0:0:0:1 - - [10/Jul/2023:11:44:21 +0900] "GET /pro04/login?user_id=garlic8&user_pw=gg1124610&user_age%22=26 HTTP/1.1" 200 -
127.0.0.1 - - [10/Jul/2023:11:46:09 +0900] "GET / HTTP/1.1" 404 807
0:0:0:0:0:0:0:1 - - [10/Jul/2023:11:46:13 +0900] "GET /pro04/login?user_id=garlic8&user_pw=gg1124610&user_age%22=26 HTTP/1.1" 200 -
0:0:0:0:0:0:0:1 - - [10/Jul/2023:11:46:27 +0900] "GET /pro04/login?user_id=dbgudwndkrl&user_pw=gg1124610&user_age%22=25 HTTP/1.1" 200 -
0:0:0:0:0:0:0:1 - - [10/Jul/2023:11:46:52 +0900] "GET /pro04/login?user_id=dbgudwndkrl&user_pw=gg1124610&user_age%22=25 HTTP/1.1" 200 -
0:0:0:0:0:0:0:1 - - [10/Jul/2023:11:47:06 +0900] "GET /pro04/login?user_id=dbgudwndkrl&user_pw=gg1124610&user_age%22=25 HTTP/1.1" 200 -
0:0:0:0:0:0:0:1 - - [10/Jul/2023:11:47:08 +0900] "GET /pro04/login?user_id=dbgudwndkrl&user_pw=gg1124610&user_age%22=25 HTTP/1.1" 200 -
0:0:0:0:0:0:0:1 - - [10/Jul/2023:11:47:39 +0900] "GET /pro04/login?user_id=dbgudwndkrl&user_pw=gg1124610&user_age%22=25 HTTP/1.1" 200 -
